WS2812_Lib.c:13:6:DMA_Callback	4	static
WS2812_Lib.c:21:6:calcBuf	24	static
WS2812_Lib.c:72:6:startDMA	8	static
WS2812_Lib.c:79:6:WS2812_Refresh	8	static
WS2812_Lib.c:89:6:WS2812_Clear	16	static
WS2812_Lib.c:103:6:WS2812_RGB2HSV	24	static
WS2812_Lib.c:154:6:WS2812_One_RGB	24	static
WS2812_Lib.c:166:6:WS2812_All_RGB	24	static
WS2812_Lib.c:179:6:WS2812_One_HSV	32	static
WS2812_Lib.c:195:6:WS2812_All_HSV	24	static
WS2812_Lib.c:211:6:WS2812_Shift_Left	24	static
WS2812_Lib.c:228:6:WS2812_Shift_Right	24	static
WS2812_Lib.c:245:6:WS2812_Rotate_Left	24	static
WS2812_Lib.c:264:6:WS2812_Rotate_Right	24	static
